Microchip MPLAB XC8 Compiler V2.41

Linker command line:

-W-3 \
  --edf=C:\Program Files\Microchip\xc8\v2.41\pic\dat\20230208172133_en.msgs \
  -cn -h+dist/default/production\coil6x6_rsv_active2.X.production.sym \
  --cmf=dist/default/production\coil6x6_rsv_active2.X.production.cmf -z \
  -Q16F1579 -oC:\Users\IDK\AppData\Local\Temp\xcAsd0o.\driver_tmp_3.o \
  --defsym=__MPLAB_BUILD=1 --fixupoverflow=error \
  -Mdist/default/production/coil6x6_rsv_active2.X.production.map \
  --md=C:\Users\IDK\AppData\Local\Temp\xcAsd0o.\driver_tmp_0.dat -E1 \
  -ver=XC8 Compiler --acfsm=1493 -ACODE=00h-07FFhx4 -ASTRCODE=00h-01FFFh \
  -ASTRING=00h-0FFhx32 -ACONST=00h-0FFhx32 -AENTRY=00h-0FFhx32 \
  -ACOMMON=070h-07Fh -ABANK0=020h-06Fh -ABANK1=0A0h-0EFh \
  -ABANK2=0120h-016Fh -ABANK3=01A0h-01EFh -ABANK4=0220h-026Fh \
  -ABANK5=02A0h-02EFh -ABANK6=0320h-036Fh -ABANK7=03A0h-03EFh \
  -ABANK8=0420h-046Fh -ABANK9=04A0h-04EFh -ABANK10=0520h-056Fh \
  -ABANK11=05A0h-05EFh -ABANK12=0620h-063Fh -ABIGRAM=02000h-023DFh \
  -ARAM=020h-06Fh,0A0h-0EFh,0120h-016Fh,01A0h-01EFh,0220h-026Fh,02A0h-02EFh,0320h-036Fh,03A0h-03EFh,0420h-046Fh,04A0h-04EFh,0520h-056Fh,05A0h-05EFh,0620h-063Fh \
  -AABS1=020h-07Fh,0A0h-0EFh,0120h-016Fh,01A0h-01EFh,0220h-026Fh,02A0h-02EFh,0320h-036Fh,03A0h-03EFh,0420h-046Fh,04A0h-04EFh,0520h-056Fh,05A0h-05EFh,0620h-063Fh \
  -ASFR0=00h-01Fh -ASFR1=080h-09Fh -ASFR2=0100h-011Fh -ASFR3=0180h-019Fh \
  -ASFR4=0200h-021Fh -ASFR5=0280h-029Fh -ASFR6=0300h-031Fh \
  -ASFR7=0380h-039Fh -ASFR8=0400h-041Fh -ASFR9=0480h-049Fh \
  -ASFR10=0500h-051Fh -ASFR11=0580h-059Fh -ASFR12=0600h-061Fh \
  -ASFR13=0680h-06EFh -ASFR14=0700h-076Fh -ASFR15=0780h-07EFh \
  -ASFR16=0800h-086Fh -ASFR17=0880h-08EFh -ASFR18=0900h-096Fh \
  -ASFR19=0980h-09EFh -ASFR20=0A00h-0A6Fh -ASFR21=0A80h-0AEFh \
  -ASFR22=0B00h-0B6Fh -ASFR23=0B80h-0BEFh -ASFR24=0C00h-0C6Fh \
  -ASFR25=0C80h-0CEFh -ASFR26=0D00h-0D6Fh -ASFR27=0D80h-0DEFh \
  -ASFR28=0E00h-0E6Fh -ASFR29=0E80h-0EEFh -ASFR30=0F00h-0F6Fh \
  -ASFR31=0F80h-0FEFh -ACONFIG=08007h-08008h -DCONFIG=2 \
  -AIDLOC=08000h-08003h -DIDLOC=2 -DCODE=2 -DSTRCODE=2 -DSTRING=2 -DCONST=2 \
  -DENTRY=2 -preset_vec=00h,intentry=04h,init,end_init -ppowerup=CODE \
  -pcinit=CODE -pfunctab=ENTRY -k \
  C:\Users\IDK\AppData\Local\Temp\xcAsd0o.\driver_tmp_12.o \
  dist/default/production\coil6x6_rsv_active2.X.production.o 

Object code version is 3.11

Machine type is 16F1579



                Name                               Link     Load   Length Selector   Space Scale
C:\Users\IDK\AppData\Local\Temp\xcAsd0o.\driver_tmp_12.o
                end_init                             13       13        2        8       0
                reset_vec                             0        0        2        0       0
                config                             8007     8007        2        0       4
dist/default/production\coil6x6_rsv_active2.X.production.o
                cinit                                15       15       1B        8       0
                intentry                              4        4        F        8       0
                config                             8007     8007        2        0       4
                text27                              296      296        6        8       0
                text26                              2B5      2B5        3        8       0
                text25                              2B2      2B2        3        8       0
                text24                              290      290        6        8       0
                text23                              2AF      2AF        3        8       0
                text22                              2AC      2AC        3        8       0
                text21                              28A      28A        6        8       0
                text20                              2A9      2A9        3        8       0
                text19                              2A6      2A6        3        8       0
                text18                              284      284        6        8       0
                text17                              2A3      2A3        3        8       0
                text16                              2A0      2A0        3        8       0
                text15                               30       30       B4        8       0
                text14                              19F      19F       33        8       0
                text13                              2B8      2B8        1        8       0
                text12                              24C      24C        F        8       0
                text11                              267      267        9        8       0
                text9                               25B      25B        C        8       0
                text8                               27E      27E        6        8       0
                text7                               162      162       3D        8       0
                text6                               21D      21D       19        8       0
                text5                               204      204       19        8       0
                text4                               1EB      1EB       19        8       0
                text3                               1D2      1D2       19        8       0
                text2                               29C      29C        4        8       0
                text1                               236      236       16        8       0
                maintext                             E4       E4       7E        8       0
                cstackBANK0                          33       33        4       20       1
                cstackCOMMON                         70       70        D       70       1
                inittext                            278      278        6        8       0
                dataBANK0                            2B       2B        8       20       1
                bssBANK0                             20       20        B       20       1
                nvBANK0                              37       37        2       20       1
                idataBANK0                          270      270        8        8       0

TOTAL           Name                               Link     Load   Length     Space
        CLASS   CODE           
                end_init                             13       13        2         0
                cinit                                15       15       1B         0
                intentry                              4        4        F         0
                reset_vec                             0        0        2         0
                text27                              296      296        6         0
                text26                              2B5      2B5        3         0
                text25                              2B2      2B2        3         0
                text24                              290      290        6         0
                text23                              2AF      2AF        3         0
                text22                              2AC      2AC        3         0
                text21                              28A      28A        6         0
                text20                              2A9      2A9        3         0
                text19                              2A6      2A6        3         0
                text18                              284      284        6         0
                text17                              2A3      2A3        3         0
                text16                              2A0      2A0        3         0
                text15                               30       30       B4         0
                text14                              19F      19F       33         0
                text13                              2B8      2B8        1         0
                text12                              24C      24C        F         0
                text11                              267      267        9         0
                text9                               25B      25B        C         0
                text8                               27E      27E        6         0
                text7                               162      162       3D         0
                text6                               21D      21D       19         0
                text5                               204      204       19         0
                text4                               1EB      1EB       19         0
                text3                               1D2      1D2       19         0
                text2                               29C      29C        4         0
                text1                               236      236       16         0
                maintext                             E4       E4       7E         0
                inittext                            278      278        6         0
                idataBANK0                          270      270        8         0

        CLASS   STRCODE        

        CLASS   STRING         

        CLASS   CONST          

        CLASS   ENTRY          

        CLASS   COMMON         
                cstackCOMMON                         70       70        D         1

        CLASS   BANK0          
                cstackBANK0                          33       33        4         1
                dataBANK0                            2B       2B        8         1
                bssBANK0                             20       20        B         1
                nvBANK0                              37       37        2         1

        CLASS   BANK1          

        CLASS   BANK2          

        CLASS   BANK3          

        CLASS   BANK4          

        CLASS   BANK5          

        CLASS   BANK6          

        CLASS   BANK7          

        CLASS   BANK8          

        CLASS   BANK9          

        CLASS   BANK10         

        CLASS   BANK11         

        CLASS   BANK12         

        CLASS   BIGRAM         

        CLASS   RAM            

        CLASS   ABS1           
                abs_s1                               7E       7E        2         1

        CLASS   SFR0           

        CLASS   SFR1           

        CLASS   SFR2           

        CLASS   SFR3           

        CLASS   SFR4           

        CLASS   SFR5           

        CLASS   SFR6           

        CLASS   SFR7           

        CLASS   SFR8           

        CLASS   SFR9           

        CLASS   SFR10          

        CLASS   SFR11          

        CLASS   SFR12          

        CLASS   SFR13          

        CLASS   SFR14          

        CLASS   SFR15          

        CLASS   SFR16          

        CLASS   SFR17          

        CLASS   SFR18          

        CLASS   SFR19          

        CLASS   SFR20          

        CLASS   SFR21          

        CLASS   SFR22          

        CLASS   SFR23          

        CLASS   SFR24          

        CLASS   SFR25          

        CLASS   SFR26          

        CLASS   SFR27          

        CLASS   SFR28          

        CLASS   SFR29          

        CLASS   SFR30          

        CLASS   SFR31          

        CLASS   CONFIG         
                config                             8007     8007        2         4

        CLASS   IDLOC          

        CLASS   BANK31         

        CLASS   BANK30         

        CLASS   BANK29         

        CLASS   BANK28         

        CLASS   BANK27         

        CLASS   BANK26         

        CLASS   BANK25         

        CLASS   BANK24         

        CLASS   BANK23         

        CLASS   BANK22         

        CLASS   BANK21         

        CLASS   BANK20         

        CLASS   BANK19         

        CLASS   BANK18         

        CLASS   BANK17         

        CLASS   BANK16         

        CLASS   BANK15         

        CLASS   BANK14         

        CLASS   BANK13         

        CLASS   HEAP           

        CLASS   STACK          

        CLASS   EEDATA         



SEGMENTS        Name                           Load    Length   Top    Selector   Space  Class     Delta

                reset_vec                      000000  000002  000002         0       0  CODE        2
                intentry                       000004  0002B5  0002B9         8       0  CODE        2
                bssBANK0                       000020  000019  000039        20       1  BANK0       1
                cstackCOMMON                   000070  00000D  00007D        70       1  COMMON      1


UNUSED ADDRESS RANGES

        Name                Unused          Largest block    Delta
        BANK0            00039-0006F              37           1
        BANK1            000A0-000EF              50           1
        BANK10           00520-0056F              50           1
        BANK11           005A0-005EF              50           1
        BANK12           00620-0063F              20           1
        BANK2            00120-0016F              50           1
        BANK3            001A0-001EF              50           1
        BANK4            00220-0026F              50           1
        BANK5            002A0-002EF              50           1
        BANK6            00320-0036F              50           1
        BANK7            003A0-003EF              50           1
        BANK8            00420-0046F              50           1
        BANK9            004A0-004EF              50           1
        BIGRAM           02000-023DF             3E0           1
        CODE             00002-00003               2           2
                         002B9-01FFF             800
        COMMON           0007D-0007D               1           1
        CONST            00002-00003               2           2
                         002B9-01FFF             100
        ENTRY            00002-00003               2           2
                         002B9-01FFF             100
        IDLOC            08000-08003               4           2
        RAM              00039-0006F              37           1
                         000A0-000EF              50
                         00120-0016F              50
                         001A0-001EF              50
                         00220-0026F              50
                         002A0-002EF              50
                         00320-0036F              50
                         003A0-003EF              50
                         00420-0046F              50
                         004A0-004EF              50
                         00520-0056F              50
                         005A0-005EF              50
                         00620-0063F              20
        SFR0             00000-0001F              20           1
        SFR1             00080-0009F              20           1
        SFR10            00500-0051F              20           1
        SFR11            00580-0059F              20           1
        SFR12            00600-0061F              20           1
        SFR13            00680-006EF              70           1
        SFR14            00700-0076F              70           1
        SFR15            00780-007EF              70           1
        SFR16            00800-0086F              70           1
        SFR17            00880-008EF              70           1
        SFR18            00900-0096F              70           1
        SFR19            00980-009EF              70           1
        SFR2             00100-0011F              20           1
        SFR20            00A00-00A6F              70           1
        SFR21            00A80-00AEF              70           1
        SFR22            00B00-00B6F              70           1
        SFR23            00B80-00BEF              70           1
        SFR24            00C00-00C6F              70           1
        SFR25            00C80-00CEF              70           1
        SFR26            00D00-00D6F              70           1
        SFR27            00D80-00DEF              70           1
        SFR28            00E00-00E6F              70           1
        SFR29            00E80-00EEF              70           1
        SFR3             00180-0019F              20           1
        SFR30            00F00-00F6F              70           1
        SFR31            00F80-00FEF              70           1
        SFR4             00200-0021F              20           1
        SFR5             00280-0029F              20           1
        SFR6             00300-0031F              20           1
        SFR7             00380-0039F              20           1
        SFR8             00400-0041F              20           1
        SFR9             00480-0049F              20           1
        STRCODE          00002-00003               2           2
                         002B9-01FFF            1D47
        STRING           00002-00003               2           2
                         002B9-01FFF             100

                                  Symbol Table

IOCCF4_SetInterruptHandler@InterruptHandler cstackBANK0  00033
PWM1_DutyCycleSet@dutyCycleCount            cstackCOMMON 00070
PWM2_DutyCycleSet@dutyCycleCount            cstackCOMMON 00070
PWM3_DutyCycleSet@dutyCycleCount            cstackCOMMON 00070
PWM4_DutyCycleSet@dutyCycleCount            cstackCOMMON 00070
_ANSELA                                     (abs)        0018C
_ANSELB                                     (abs)        0018D
_ANSELC                                     (abs)        0018E
_BORCON                                     (abs)        00116
_INLVLA                                     (abs)        0038C
_INLVLB                                     (abs)        0038D
_INLVLC                                     (abs)        0038E
_INTCONbits                                 (abs)        0000B
_INTERRUPT_InterruptManager                 intentry     00004
_IOCCF4_DefaultInterruptHandler             text13       002B8
_IOCCF4_ISR                                 text12       0024C
_IOCCF4_InterruptHandler                    nvBANK0      00037
_IOCCF4_SetInterruptHandler                 text8        0027E
_IOCCFbits                                  (abs)        00399
_IOCCNbits                                  (abs)        00398
_IOCCPbits                                  (abs)        00397
_LATA                                       (abs)        0010C
_LATAbits                                   (abs)        0010C
_LATB                                       (abs)        0010D
_LATBbits                                   (abs)        0010D
_LATC                                       (abs)        0010E
_LATCbits                                   (abs)        0010E
_ODCONA                                     (abs)        0028C
_ODCONB                                     (abs)        0028D
_ODCONC                                     (abs)        0028E
_OPTION_REGbits                             (abs)        00095
_OSCCON                                     (abs)        00099
_OSCILLATOR_Initialize                      text9        0025B
_OSCTUNE                                    (abs)        00098
_PIN_MANAGER_IOC                            text11       00267
_PIN_MANAGER_Initialize                     text7        00162
_PLLR                                       (abs)        004D6
_PORTAbits                                  (abs)        0000C
_PORTBbits                                  (abs)        0000D
_PORTCbits                                  (abs)        0000E
_PWM1CLKCON                                 (abs)        00D9E
_PWM1CON                                    (abs)        00D9B
_PWM1CONbits                                (abs)        00D9B
_PWM1DCH                                    (abs)        00D94
_PWM1DCL                                    (abs)        00D93
_PWM1INTE                                   (abs)        00D9C
_PWM1INTF                                   (abs)        00D9D
_PWM1INTFbits                               (abs)        00D9D
_PWM1LDCON                                  (abs)        00D9F
_PWM1LDCONbits                              (abs)        00D9F
_PWM1OFCON                                  (abs)        00DA0
_PWM1OFH                                    (abs)        00D98
_PWM1OFL                                    (abs)        00D97
_PWM1PHH                                    (abs)        00D92
_PWM1PHL                                    (abs)        00D91
_PWM1PRH                                    (abs)        00D96
_PWM1PRL                                    (abs)        00D95
_PWM1TMRH                                   (abs)        00D9A
_PWM1TMRL                                   (abs)        00D99
_PWM1_DutyCycleSet                          text27       00296
_PWM1_Initialize                            text6        0021D
_PWM1_LoadBufferSet                         text26       002B5
_PWM1_Start                                 text25       002B2
_PWM2CLKCON                                 (abs)        00DAE
_PWM2CON                                    (abs)        00DAB
_PWM2CONbits                                (abs)        00DAB
_PWM2DCH                                    (abs)        00DA4
_PWM2DCL                                    (abs)        00DA3
_PWM2INTE                                   (abs)        00DAC
_PWM2INTF                                   (abs)        00DAD
_PWM2INTFbits                               (abs)        00DAD
_PWM2LDCON                                  (abs)        00DAF
_PWM2LDCONbits                              (abs)        00DAF
_PWM2OFCON                                  (abs)        00DB0
_PWM2OFH                                    (abs)        00DA8
_PWM2OFL                                    (abs)        00DA7
_PWM2PHH                                    (abs)        00DA2
_PWM2PHL                                    (abs)        00DA1
_PWM2PRH                                    (abs)        00DA6
_PWM2PRL                                    (abs)        00DA5
_PWM2TMRH                                   (abs)        00DAA
_PWM2TMRL                                   (abs)        00DA9
_PWM2_DutyCycleSet                          text24       00290
_PWM2_Initialize                            text5        00204
_PWM2_LoadBufferSet                         text23       002AF
_PWM2_Start                                 text22       002AC
_PWM3CLKCON                                 (abs)        00DBE
_PWM3CON                                    (abs)        00DBB
_PWM3CONbits                                (abs)        00DBB
_PWM3DCH                                    (abs)        00DB4
_PWM3DCL                                    (abs)        00DB3
_PWM3INTE                                   (abs)        00DBC
_PWM3INTF                                   (abs)        00DBD
_PWM3INTFbits                               (abs)        00DBD
_PWM3LDCON                                  (abs)        00DBF
_PWM3LDCONbits                              (abs)        00DBF
_PWM3OFCON                                  (abs)        00DC0
_PWM3OFH                                    (abs)        00DB8
_PWM3OFL                                    (abs)        00DB7
_PWM3PHH                                    (abs)        00DB2
_PWM3PHL                                    (abs)        00DB1
_PWM3PRH                                    (abs)        00DB6
_PWM3PRL                                    (abs)        00DB5
_PWM3TMRH                                   (abs)        00DBA
_PWM3TMRL                                   (abs)        00DB9
_PWM3_DutyCycleSet                          text21       0028A
_PWM3_Initialize                            text4        001EB
_PWM3_LoadBufferSet                         text20       002A9
_PWM3_Start                                 text19       002A6
_PWM4CLKCON                                 (abs)        00DCE
_PWM4CON                                    (abs)        00DCB
_PWM4CONbits                                (abs)        00DCB
_PWM4DCH                                    (abs)        00DC4
_PWM4DCL                                    (abs)        00DC3
_PWM4INTE                                   (abs)        00DCC
_PWM4INTF                                   (abs)        00DCD
_PWM4INTFbits                               (abs)        00DCD
_PWM4LDCON                                  (abs)        00DCF
_PWM4LDCONbits                              (abs)        00DCF
_PWM4OFCON                                  (abs)        00DD0
_PWM4OFH                                    (abs)        00DC8
_PWM4OFL                                    (abs)        00DC7
_PWM4PHH                                    (abs)        00DC2
_PWM4PHL                                    (abs)        00DC1
_PWM4PRH                                    (abs)        00DC6
_PWM4PRL                                    (abs)        00DC5
_PWM4TMRH                                   (abs)        00DCA
_PWM4TMRL                                   (abs)        00DC9
_PWM4_DutyCycleSet                          text18       00284
_PWM4_Initialize                            text3        001D2
_PWM4_LoadBufferSet                         text17       002A3
_PWM4_Start                                 text16       002A0
_RA0PPS                                     (abs)        00E90
_RB4PPS                                     (abs)        00E9C
_RB5PPS                                     (abs)        00E9D
_RC0PPS                                     (abs)        00EA0
_SLRCONA                                    (abs)        0030C
_SLRCONB                                    (abs)        0030D
_SLRCONC                                    (abs)        0030E
_SYSTEM_Initialize                          text1        00236
_TRISA                                      (abs)        0008C
_TRISB                                      (abs)        0008D
_TRISBbits                                  (abs)        0008D
_TRISC                                      (abs)        0008E
_WDTCON                                     (abs)        00097
_WDT_Initialize                             text2        0029C
_WPUA                                       (abs)        0020C
_WPUB                                       (abs)        0020D
_WPUC                                       (abs)        0020E
__H__absolute__                             __absolute__ 00000
__Habs1                                     abs1         00000
__Hbank0                                    bank0        00000
__Hbank1                                    bank1        00000
__Hbank10                                   bank10       00000
__Hbank11                                   bank11       00000
__Hbank12                                   bank12       00000
__Hbank13                                   bank13       00000
__Hbank14                                   bank14       00000
__Hbank15                                   bank15       00000
__Hbank16                                   bank16       00000
__Hbank17                                   bank17       00000
__Hbank18                                   bank18       00000
__Hbank19                                   bank19       00000
__Hbank2                                    bank2        00000
__Hbank20                                   bank20       00000
__Hbank21                                   bank21       00000
__Hbank22                                   bank22       00000
__Hbank23                                   bank23       00000
__Hbank24                                   bank24       00000
__Hbank25                                   bank25       00000
__Hbank26                                   bank26       00000
__Hbank27                                   bank27       00000
__Hbank28                                   bank28       00000
__Hbank29                                   bank29       00000
__Hbank3                                    bank3        00000
__Hbank30                                   bank30       00000
__Hbank31                                   bank31       00000
__Hbank4                                    bank4        00000
__Hbank5                                    bank5        00000
__Hbank6                                    bank6        00000
__Hbank7                                    bank7        00000
__Hbank8                                    bank8        00000
__Hbank9                                    bank9        00000
__Hbigram                                   bigram       00000
__HbssBANK0                                 bssBANK0     00000
__Hcinit                                    cinit        00030
__Hclrtext                                  clrtext      00000
__Hcode                                     code         00000
__Hcommon                                   common       00000
__Hconfig                                   config       08009
__HcstackBANK0                              cstackBANK0  00000
__HcstackCOMMON                             cstackCOMMON 00000
__HdataBANK0                                dataBANK0    00000
__Heeprom_data                              eeprom_data  00000
__Hend_init                                 end_init     00015
__Hfunctab                                  functab      00000
__Hheap                                     heap         00000
__HidataBANK0                               idataBANK0   00000
__Hinit                                     init         00013
__Hinittext                                 inittext     00000
__Hintentry                                 intentry     00013
__Hmaintext                                 maintext     00000
__HnvBANK0                                  nvBANK0      00000
__Hpowerup                                  powerup      00000
__Hram                                      ram          00000
__Hreset_vec                                reset_vec    00002
__Hsfr0                                     sfr0         00000
__Hsfr1                                     sfr1         00000
__Hsfr10                                    sfr10        00000
__Hsfr11                                    sfr11        00000
__Hsfr12                                    sfr12        00000
__Hsfr13                                    sfr13        00000
__Hsfr14                                    sfr14        00000
__Hsfr15                                    sfr15        00000
__Hsfr16                                    sfr16        00000
__Hsfr17                                    sfr17        00000
__Hsfr18                                    sfr18        00000
__Hsfr19                                    sfr19        00000
__Hsfr2                                     sfr2         00000
__Hsfr20                                    sfr20        00000
__Hsfr21                                    sfr21        00000
__Hsfr22                                    sfr22        00000
__Hsfr23                                    sfr23        00000
__Hsfr24                                    sfr24        00000
__Hsfr25                                    sfr25        00000
__Hsfr26                                    sfr26        00000
__Hsfr27                                    sfr27        00000
__Hsfr28                                    sfr28        00000
__Hsfr29                                    sfr29        00000
__Hsfr3                                     sfr3         00000
__Hsfr30                                    sfr30        00000
__Hsfr31                                    sfr31        00000
__Hsfr4                                     sfr4         00000
__Hsfr5                                     sfr5         00000
__Hsfr6                                     sfr6         00000
__Hsfr7                                     sfr7         00000
__Hsfr8                                     sfr8         00000
__Hsfr9                                     sfr9         00000
__Hspace_0                                  (abs)        002B9
__Hspace_1                                  (abs)        0007D
__Hspace_2                                  (abs)        00000
__Hspace_3                                  (abs)        00000
__Hspace_4                                  (abs)        10010
__Hstack                                    stack        00000
__Hstrings                                  strings      00000
__Htext                                     text         00000
__L__absolute__                             __absolute__ 00000
__Labs1                                     abs1         00000
__Lbank0                                    bank0        00000
__Lbank1                                    bank1        00000
__Lbank10                                   bank10       00000
__Lbank11                                   bank11       00000
__Lbank12                                   bank12       00000
__Lbank13                                   bank13       00000
__Lbank14                                   bank14       00000
__Lbank15                                   bank15       00000
__Lbank16                                   bank16       00000
__Lbank17                                   bank17       00000
__Lbank18                                   bank18       00000
__Lbank19                                   bank19       00000
__Lbank2                                    bank2        00000
__Lbank20                                   bank20       00000
__Lbank21                                   bank21       00000
__Lbank22                                   bank22       00000
__Lbank23                                   bank23       00000
__Lbank24                                   bank24       00000
__Lbank25                                   bank25       00000
__Lbank26                                   bank26       00000
__Lbank27                                   bank27       00000
__Lbank28                                   bank28       00000
__Lbank29                                   bank29       00000
__Lbank3                                    bank3        00000
__Lbank30                                   bank30       00000
__Lbank31                                   bank31       00000
__Lbank4                                    bank4        00000
__Lbank5                                    bank5        00000
__Lbank6                                    bank6        00000
__Lbank7                                    bank7        00000
__Lbank8                                    bank8        00000
__Lbank9                                    bank9        00000
__Lbigram                                   bigram       00000
__LbssBANK0                                 bssBANK0     00000
__Lcinit                                    cinit        00015
__Lclrtext                                  clrtext      00000
__Lcode                                     code         00000
__Lcommon                                   common       00000
__Lconfig                                   config       00000
__LcstackBANK0                              cstackBANK0  00000
__LcstackCOMMON                             cstackCOMMON 00000
__LdataBANK0                                dataBANK0    00000
__Leeprom_data                              eeprom_data  00000
__Lend_init                                 end_init     00013
__Lfunctab                                  functab      00000
__Lheap                                     heap         00000
__LidataBANK0                               idataBANK0   00000
__Linit                                     init         00013
__Linittext                                 inittext     00000
__Lintentry                                 intentry     00004
__Lmaintext                                 maintext     00000
__LnvBANK0                                  nvBANK0      00000
__Lpowerup                                  powerup      00000
__Lram                                      ram          00000
__Lreset_vec                                reset_vec    00000
__Lsfr0                                     sfr0         00000
__Lsfr1                                     sfr1         00000
__Lsfr10                                    sfr10        00000
__Lsfr11                                    sfr11        00000
__Lsfr12                                    sfr12        00000
__Lsfr13                                    sfr13        00000
__Lsfr14                                    sfr14        00000
__Lsfr15                                    sfr15        00000
__Lsfr16                                    sfr16        00000
__Lsfr17                                    sfr17        00000
__Lsfr18                                    sfr18        00000
__Lsfr19                                    sfr19        00000
__Lsfr2                                     sfr2         00000
__Lsfr20                                    sfr20        00000
__Lsfr21                                    sfr21        00000
__Lsfr22                                    sfr22        00000
__Lsfr23                                    sfr23        00000
__Lsfr24                                    sfr24        00000
__Lsfr25                                    sfr25        00000
__Lsfr26                                    sfr26        00000
__Lsfr27                                    sfr27        00000
__Lsfr28                                    sfr28        00000
__Lsfr29                                    sfr29        00000
__Lsfr3                                     sfr3         00000
__Lsfr30                                    sfr30        00000
__Lsfr31                                    sfr31        00000
__Lsfr4                                     sfr4         00000
__Lsfr5                                     sfr5         00000
__Lsfr6                                     sfr6         00000
__Lsfr7                                     sfr7         00000
__Lsfr8                                     sfr8         00000
__Lsfr9                                     sfr9         00000
__Lspace_0                                  (abs)        00000
__Lspace_1                                  (abs)        00000
__Lspace_2                                  (abs)        00000
__Lspace_3                                  (abs)        00000
__Lspace_4                                  (abs)        00000
__Lstack                                    stack        00000
__Lstrings                                  strings      00000
__Ltext                                     text         00000
__S0                                        (abs)        002B9
__S1                                        (abs)        0007D
___heap_hi                                  (abs)        00000
___heap_lo                                  (abs)        00000
___int_sp                                   stack        00000
___latbits                                  (abs)        00002
___sp                                       stack        00000
___stackhi                                  (abs)        00000
___stacklo                                  (abs)        00000
__end_of_INTERRUPT_InterruptManager         intentry     00013
__end_of_IOCCF4_DefaultInterruptHandler     text13       002B9
__end_of_IOCCF4_ISR                         text12       0025B
__end_of_IOCCF4_SetInterruptHandler         text8        00284
__end_of_OSCILLATOR_Initialize              text9        00267
__end_of_PIN_MANAGER_IOC                    text11       00270
__end_of_PIN_MANAGER_Initialize             text7        0019F
__end_of_PWM1_DutyCycleSet                  text27       0029C
__end_of_PWM1_Initialize                    text6        00236
__end_of_PWM1_LoadBufferSet                 text26       002B8
__end_of_PWM1_Start                         text25       002B5
__end_of_PWM2_DutyCycleSet                  text24       00296
__end_of_PWM2_Initialize                    text5        0021D
__end_of_PWM2_LoadBufferSet                 text23       002B2
__end_of_PWM2_Start                         text22       002AF
__end_of_PWM3_DutyCycleSet                  text21       00290
__end_of_PWM3_Initialize                    text4        00204
__end_of_PWM3_LoadBufferSet                 text20       002AC
__end_of_PWM3_Start                         text19       002A9
__end_of_PWM4_DutyCycleSet                  text18       0028A
__end_of_PWM4_Initialize                    text3        001EB
__end_of_PWM4_LoadBufferSet                 text17       002A6
__end_of_PWM4_Start                         text16       002A3
__end_of_SYSTEM_Initialize                  text1        0024C
__end_of_WDT_Initialize                     text2        002A0
__end_of__initialization                    cinit        0002C
__end_of_int_strb                           text14       001D2
__end_of_main                               maintext     00162
__end_of_set_pwm                            text15       000E4
__initialization                            cinit        00015
__pbssBANK0                                 bssBANK0     00020
__pcstackBANK0                              cstackBANK0  00033
__pcstackCOMMON                             cstackCOMMON 00070
__pdataBANK0                                dataBANK0    0002B
__pidataBANK0                               idataBANK0   00270
__pintentry                                 intentry     00004
__pmaintext                                 maintext     000E4
__pnvBANK0                                  nvBANK0      00037
__ptext1                                    text1        00236
__ptext11                                   text11       00267
__ptext12                                   text12       0024C
__ptext13                                   text13       002B8
__ptext14                                   text14       0019F
__ptext15                                   text15       00030
__ptext16                                   text16       002A0
__ptext17                                   text17       002A3
__ptext18                                   text18       00284
__ptext19                                   text19       002A6
__ptext2                                    text2        0029C
__ptext20                                   text20       002A9
__ptext21                                   text21       0028A
__ptext22                                   text22       002AC
__ptext23                                   text23       002AF
__ptext24                                   text24       00290
__ptext25                                   text25       002B2
__ptext26                                   text26       002B5
__ptext27                                   text27       00296
__ptext3                                    text3        001D2
__ptext4                                    text4        001EB
__ptext5                                    text5        00204
__ptext6                                    text6        0021D
__ptext7                                    text7        00162
__ptext8                                    text8        0027E
__ptext9                                    text9        0025B
_cnt_push                                   bssBANK0     00028
_data                                       bssBANK0     00020
_i                                          bssBANK0     0002A
_int_strb                                   text14       0019F
_main                                       maintext     000E4
_mode                                       bssBANK0     00029
_pwm0                                       dataBANK0    0002B
_set_pwm                                    text15       00030
btemp                                       (abs)        0007E
end_of_initialization                       cinit        0002C
init_ram                                    inittext     00278
int$flags                                   (abs)        0007E
int_strb@b                                  cstackCOMMON 0007B
int_strb@d                                  cstackCOMMON 0007A
int_strb@idx                                cstackCOMMON 0007C
intlevel0                                   functab      00000
intlevel1                                   functab      00000
intlevel2                                   functab      00000
intlevel3                                   functab      00000
intlevel4                                   functab      00000
intlevel5                                   functab      00000
reset_vec                                   reset_vec    00000
set_pwm@d                                   cstackCOMMON 00077
set_pwm@d0                                  cstackCOMMON 00075
set_pwm@i                                   cstackCOMMON 00074
start                                       init         00013
start_initialization                        cinit        00015
wtemp0                                      (abs)        0007E


MODULE INFORMATION

Module		Function		Class		Link	Load	Size
mcc_generated_files/pwm4.c
		_PWM4_LoadBufferSet		CODE           	02A3	0000	3
		_PWM4_DutyCycleSet		CODE           	0284	0000	6
		_PWM4_Initialize		CODE           	01D2	0000	25
		_PWM4_Start    		CODE           	02A0	0000	3

mcc_generated_files/pwm4.c estimated size: 37

mcc_generated_files/interrupt_manager.c
		_INTERRUPT_InterruptManager		CODE           	0004	0000	15

mcc_generated_files/interrupt_manager.c estimated size: 15

mcc_generated_files/pwm2.c
		_PWM2_Initialize		CODE           	0204	0000	25
		_PWM2_Start    		CODE           	02AC	0000	3
		_PWM2_LoadBufferSet		CODE           	02AF	0000	3
		_PWM2_DutyCycleSet		CODE           	0290	0000	6

mcc_generated_files/pwm2.c estimated size: 37

mcc_generated_files/pin_manager.c
		_PIN_MANAGER_Initialize		CODE           	0162	0000	61
		_IOCCF4_DefaultInterruptHandler		CODE           	02B8	0000	1
		_IOCCF4_ISR    		CODE           	024C	0000	15
		_PIN_MANAGER_IOC		CODE           	0267	0000	9
		_IOCCF4_SetInterruptHandler		CODE           	027E	0000	6

mcc_generated_files/pin_manager.c estimated size: 92

shared
		__initialization		CODE           	0015	0000	23

shared estimated size: 23

mcc_generated_files/mcc.c
		_WDT_Initialize		CODE           	029C	0000	4
		_OSCILLATOR_Initialize		CODE           	025B	0000	12
		_SYSTEM_Initialize		CODE           	0236	0000	22

mcc_generated_files/mcc.c estimated size: 38

mcc_generated_files/pwm3.c
		_PWM3_DutyCycleSet		CODE           	028A	0000	6
		_PWM3_Initialize		CODE           	01EB	0000	25
		_PWM3_Start    		CODE           	02A6	0000	3
		_PWM3_LoadBufferSet		CODE           	02A9	0000	3

mcc_generated_files/pwm3.c estimated size: 37

mcc_generated_files/pwm1.c
		_PWM1_Initialize		CODE           	021D	0000	25
		_PWM1_Start    		CODE           	02B2	0000	3
		_PWM1_LoadBufferSet		CODE           	02B5	0000	3
		_PWM1_DutyCycleSet		CODE           	0296	0000	6

mcc_generated_files/pwm1.c estimated size: 37

main.c
		_main          		CODE           	00E4	0000	126
		_set_pwm       		CODE           	0030	0000	180
		_int_strb      		CODE           	019F	0000	51

main.c estimated size: 357

